   ▲ Next.js 15.5.15
   - Environments: .env.local

   Creating an optimized production build ...
 ✓ Compiled successfully in 23.6s
   Linting and checking validity of types ...
   Collecting page data ...
   Generating static pages (0/7) ...
   Generating static pages (1/7) 
   Generating static pages (3/7) 
   Generating static pages (5/7) 
 ✓ Generating static pages (7/7)
   Finalizing page optimization ...
   Collecting build traces ...

Route (app)                                 Size  First Load JS
┌ ○ /                                     3.4 kB         106 kB
├ ○ /_not-found                            993 B         104 kB
├ ƒ /api/auth/[...nextauth]                130 B         103 kB
├ ƒ /api/drive/sync                        130 B         103 kB
├ ƒ /api/local-videos                      130 B         103 kB
└ ○ /icon.svg                                0 B            0 B
+ First Load JS shared by all             103 kB
  ├ chunks/255-4f212684648fcab9.js         46 kB
  ├ chunks/4bd1b696-c023c6e3521b1417.js  54.2 kB
  └ other shared chunks (total)          2.79 kB


○  (Static)   prerendered as static content
ƒ  (Dynamic)  server-rendered on demand

